// Jest Snapshot v1, https://goo.gl/fbAQLP

exports[`Rating component renders correctly 1`] = `
ShallowWrapper {
  Symbol(enzyme.__root__): [Circular],
  Symbol(enzyme.__unrendered__): <Rating
    rating={4}
    ratingAmount={123}
  />,
  Symbol(enzyme.__renderer__): Object {
    "batchedUpdates": [Function],
    "getNode": [Function],
    "render": [Function],
    "simulateError": [Function],
    "simulateEvent": [Function],
    "unmount": [Function],
  },
  Symbol(enzyme.__node__): Object {
    "instance": null,
    "key": undefined,
    "nodeType": "host",
    "props": Object {
      "children": Array [
        <i
          className="material-icons full"
        >
          star_rate
        </i>,
        <i
          className="material-icons full"
        >
          star_rate
        </i>,
        <i
          className="material-icons full"
        >
          star_rate
        </i>,
        <i
          className="material-icons full"
        >
          star_rate
        </i>,
        <i
          className="material-icons"
        >
          star_rate
        </i>,
        123,
      ],
      "className": "rating",
    },
    "ref": null,
    "rendered": Array [
      Object {
        "instance": null,
        "key": undefined,
        "nodeType": "host",
        "props": Object {
          "children": "star_rate",
          "className": "material-icons full",
        },
        "ref": null,
        "rendered": "star_rate",
        "type": "i",
      },
      Object {
        "instance": null,
        "key": undefined,
        "nodeType": "host",
        "props": Object {
          "children": "star_rate",
          "className": "material-icons full",
        },
        "ref": null,
        "rendered": "star_rate",
        "type": "i",
      },
      Object {
        "instance": null,
        "key": undefined,
        "nodeType": "host",
        "props": Object {
          "children": "star_rate",
          "className": "material-icons full",
        },
        "ref": null,
        "rendered": "star_rate",
        "type": "i",
      },
      Object {
        "instance": null,
        "key": undefined,
        "nodeType": "host",
        "props": Object {
          "children": "star_rate",
          "className": "material-icons full",
        },
        "ref": null,
        "rendered": "star_rate",
        "type": "i",
      },
      Object {
        "instance": null,
        "key": undefined,
        "nodeType": "host",
        "props": Object {
          "children": "star_rate",
          "className": "material-icons",
        },
        "ref": null,
        "rendered": "star_rate",
        "type": "i",
      },
      123,
    ],
    "type": "div",
  },
  Symbol(enzyme.__nodes__): Array [
    Object {
      "instance": null,
      "key": undefined,
      "nodeType": "host",
      "props": Object {
        "children": Array [
          <i
            className="material-icons full"
          >
            star_rate
          </i>,
          <i
            className="material-icons full"
          >
            star_rate
          </i>,
          <i
            className="material-icons full"
          >
            star_rate
          </i>,
          <i
            className="material-icons full"
          >
            star_rate
          </i>,
          <i
            className="material-icons"
          >
            star_rate
          </i>,
          123,
        ],
        "className": "rating",
      },
      "ref": null,
      "rendered": Array [
        Object {
          "instance": null,
          "key": undefined,
          "nodeType": "host",
          "props": Object {
            "children": "star_rate",
            "className": "material-icons full",
          },
          "ref": null,
          "rendered": "star_rate",
          "type": "i",
        },
        Object {
          "instance": null,
          "key": undefined,
          "nodeType": "host",
          "props": Object {
            "children": "star_rate",
            "className": "material-icons full",
          },
          "ref": null,
          "rendered": "star_rate",
          "type": "i",
        },
        Object {
          "instance": null,
          "key": undefined,
          "nodeType": "host",
          "props": Object {
            "children": "star_rate",
            "className": "material-icons full",
          },
          "ref": null,
          "rendered": "star_rate",
          "type": "i",
        },
        Object {
          "instance": null,
          "key": undefined,
          "nodeType": "host",
          "props": Object {
            "children": "star_rate",
            "className": "material-icons full",
          },
          "ref": null,
          "rendered": "star_rate",
          "type": "i",
        },
        Object {
          "instance": null,
          "key": undefined,
          "nodeType": "host",
          "props": Object {
            "children": "star_rate",
            "className": "material-icons",
          },
          "ref": null,
          "rendered": "star_rate",
          "type": "i",
        },
        123,
      ],
      "type": "div",
    },
  ],
  Symbol(enzyme.__options__): Object {
    "adapter": ReactSixteenAdapter {
      "options": Object {
        "enableComponentDidUpdateOnSetState": true,
        "lifecycles": Object {
          "componentDidUpdate": Object {
            "onSetState": true,
          },
          "getDerivedStateFromProps": true,
          "getSnapshotBeforeUpdate": true,
          "setState": Object {
            "skipsComponentDidUpdateOnNullish": true,
          },
        },
      },
    },
  },
}
`;
